// Jest Snapshot v1, https://goo.gl/fbAQLP

exports[`pruebas en componente <AddCategory/> debe de mostrarse correctamente 1`] = `
<form
  onSubmit={[Function]}
>
  <input
    onChange={[Function]}
    placeholder="Categoria"
    type="text"
    value=""
  />
</form>
`;
