// Jest Snapshot v1, https://goo.gl/fbAQLP

exports[`pruebas en <GifGridItem/> debe de mostrar el componente correctamente 1`] = `
<div
  className="card"
>
  <img
    alt="Titulo del GIF"
    src="https://media1.giphy.com/media/3o7btLwJWX9hjOZx6w/200w.gif"
  />
  <p>
    Titulo del GIF
  </p>
</div>
`;
